[08:25:38] [main/INFO]: Loading Minecraft 26.2 with Fabric Loader 0.19.3
[08:25:38] [main/INFO]: Mappings not present!
[08:25:38] [main/INFO]: Loading 48 mods:
	- fabric-api 0.157.0+26.2
	   |-- fabric-api-base 2.0.4+ece063239e
	   |-- fabric-api-lookup-api-v1 2.0.17+11e1c9a39e
	   |-- fabric-biome-api-v1 18.0.6+c7bd5b8e9e
	   |-- fabric-block-api-v1 3.0.3+ec56b6019e
	   |-- fabric-block-getter-api-v2 2.0.7+ec56b6019e
	   |-- fabric-command-api-v2 3.1.0+00cb03469e
	   |-- fabric-content-registries-v0 11.3.1+37b1aa249e
	   |-- fabric-convention-tags-v2 4.7.0+1f023a9e9e
	   |-- fabric-crash-report-info-v1 1.0.5+086d547a9e
	   |-- fabric-creative-tab-api-v1 5.0.14+d871b99e9e
	   |-- fabric-data-attachment-api-v1 2.2.18+515ac5339e
	   |-- fabric-data-generation-api-v1 25.5.0+aed122aa9e
	   |-- fabric-debug-api-v1 1.0.2+c792624d9e
	   |-- fabric-dimensions-v1 5.1.11+515ac5339e
	   |-- fabric-entity-events-v1 5.0.5+06488ac19e
	   |-- fabric-events-interaction-v0 5.2.7+515ac5339e
	   |-- fabric-game-rule-api-v1 4.0.8+46a6d00c9e
	   |-- fabric-item-api-v1 14.4.0+49a69a7b9e
	   |-- fabric-key-mapping-api-v1 2.0.5+e2bdee789e
	   |-- fabric-lifecycle-events-v1 4.1.3+4575b05f9e
	   |-- fabric-loot-api-v3 3.0.17+06488ac19e
	   |-- fabric-menu-api-v1 2.0.16+086d547a9e
	   |-- fabric-message-api-v1 7.0.8+bb2ed3f79e
	   |-- fabric-model-loading-api-v1 8.0.16+c80601bb9e
	   |-- fabric-networking-api-v1 6.3.3+72073ef09e
	   |-- fabric-object-builder-api-v1 24.1.0+6fcd5f039e
	   |-- fabric-particles-v1 5.0.18+d1756aa99e
	   |-- fabric-permission-api-v1 1.0.5+e442d8d09e
	   |-- fabric-recipe-api-v1 9.0.20+11e1c9a39e
	   |-- fabric-registry-sync-v0 7.1.0+c7bd5b8e9e
	   |-- fabric-renderer-api-v1 14.1.3+2b0d8a229e
	   |-- fabric-renderer-indigo 9.1.3+2b0d8a229e
	   |-- fabric-rendering-fluids-v1 6.0.4+06488ac19e
	   |-- fabric-rendering-v1 25.3.2+515ac5339e
	   |-- fabric-resource-conditions-api-v1 6.1.0+10e9a28b9e
	   |-- fabric-resource-loader-v0 3.3.20+4fc5413f9e
	   |-- fabric-resource-loader-v1 2.0.13+9edec1269e
	   |-- fabric-screen-api-v1 5.2.0+58e078ad9e
	   |-- fabric-serialization-api-v1 2.0.4+11a26f319e
	   |-- fabric-sound-api-v1 2.0.5+11a26f319e
	   |-- fabric-tag-api-v1 2.1.4+515ac5339e
	   |-- fabric-transfer-api-v1 8.0.12+11dbb7d79e
	   \-- fabric-transitive-access-wideners-v1 8.1.4+67c847259e
	- fabricloader 0.19.3
	   \-- mixinextras 0.5.4
	- fallingtree 25
	- java 26
	- journeymap 26.2-6.0.4
	   |-- ar_com_hjg_pngj 2.1.0
	   |-- commonnetworking 26.2-1.1.0
	   \-- journeymap-api-fabric 26.2-2.0.0
	- minecraft 26.2
	- skinrestorer 2.10.0+26.1-fabric
	   \-- org_mineskin_java-client 3.4.0
[08:25:38] [main/INFO]: SpongePowered MIXIN Subsystem Version=0.8.7 Source=file:/C:/Users/adamh/Downloads/server%2026.2/libraries/net/fabricmc/sponge-mixin/0.17.3+mixin.0.8.7/sponge-mixin-0.17.3+mixin.0.8.7.jar Service=Knot/Fabric Env=SERVER
[08:25:39] [main/INFO]: Compatibility level set to JAVA_25
[08:25:39] [main/WARN]: Reference map 'skinrestorer.refmap.json' for skinrestorer.mixins.json could not be read. If this is a development environment you can ignore this message
[08:25:39] [main/WARN]: Reference map 'skinrestorer.refmap.json' for skinrestorer.fabric.mixins.json could not be read. If this is a development environment you can ignore this message
[08:25:39] [main/WARN]: Error loading class: net/minecraft/client/renderer/entity/SalmonRenderer (java.lang.ClassNotFoundException: net/minecraft/client/renderer/entity/SalmonRenderer)
[08:25:39] [main/WARN]: @Mixin target net.minecraft.client.renderer.entity.SalmonRenderer was not found journeymap.mixins.json:client.SalmonRendererAccessor from mod journeymap
[08:25:40] [main/INFO]: Initializing MixinExtras via com.llamalad7.mixinextras.service.MixinExtrasServiceImpl(version=0.5.4).
[08:25:53] [main/INFO]: Initializing ServerSide Packet Registries
[08:25:54] [main/INFO]: Environment: Environment[sessionHost=https://sessionserver.mojang.com, servicesHost=https://api.minecraftservices.com, profilesHost=https://api.mojang.com, name=PROD]
[08:25:58] [main/INFO]: Loaded 1585 recipes
[08:25:58] [main/INFO]: Loaded 1688 advancements
[08:25:58] [main/INFO]: Applied 0 biome modifications to 0 of 66 new biomes in 1.586 ms
[08:26:08] [Server thread/INFO]: Loaded null for service interface journeymap.api.services.WebMapService
[08:26:08] [Server thread/INFO]: Loaded journeymap.common.helpers.FabricClientHooks@1b40b2d3 for service interface journeymap.api.services.ClientPlatformService
[08:26:08] [Server thread/INFO]: Loaded journeymap.common.helpers.FabricHooks@23334227 for service interface journeymap.api.services.CommonPlatformService
[08:26:08] [Server thread/INFO]: Found @JourneyMapPlugin: journeymap.api.plugins.LoadedChunkOverlayPlugin
[08:26:08] [Server thread/INFO]: Starting minecraft server version 26.2
[08:26:08] [Server thread/INFO]: Loading properties
[08:26:08] [Server thread/INFO]: Default game type: SURVIVAL
[08:26:08] [Server thread/INFO]: Generating keypair
[08:26:09] [Server thread/INFO]: Starting Minecraft server on *:25565
[08:26:09] [Server thread/WARN]: **** SERVER IS RUNNING IN OFFLINE/INSECURE MODE!
[08:26:09] [Server thread/WARN]: The server will make no attempt to authenticate usernames. Beware.
[08:26:09] [Server thread/WARN]: While this makes the game possible to play without internet access, it also opens up the ability for hackers to connect with any username they choose.
[08:26:09] [Server thread/WARN]: To change this, set "online-mode" to "true" in the server.properties file.
[08:26:09] [Server thread/INFO]: Preparing level "world"
[08:26:09] [Server thread/INFO]: Loading 0 persistent chunks...
[08:26:09] [Server thread/INFO]: Preparing spawn area: 100%
[08:26:09] [Server thread/INFO]: Time elapsed: 88 ms
[08:26:09] [Server thread/INFO]: Done (0.508s)! For help, type "help"
[08:26:09] [Server thread/INFO]: Starting remote control listener
[08:26:09] [Server thread/INFO]: Thread RCON Listener started
[08:26:09] [Server thread/INFO]: RCON running on 0.0.0.0:25575
[08:26:09] [Server thread/INFO]: Saving chunks for level 'ServerLevel[world]'/minecraft:overworld
[08:26:09] [Server thread/INFO]: Saving chunks for level 'ServerLevel[world]'/minecraft:the_nether
[08:26:09] [Server thread/INFO]: Saving chunks for level 'ServerLevel[world]'/minecraft:the_end
[08:26:10] [Server thread/INFO]: ThreadedAnvilChunkStorage (world): All chunks are saved
[08:26:10] [Server thread/INFO]: ThreadedAnvilChunkStorage (DIM-1): All chunks are saved
[08:26:10] [Server thread/INFO]: ThreadedAnvilChunkStorage (DIM1): All chunks are saved
[08:26:10] [Server thread/INFO]: ThreadedAnvilChunkStorage: All dimensions are saved
[08:26:10] [Server thread/INFO]: Initialized IJourneyMapPlugin as:journeymap.api.plugins.LoadedChunkOverlayPlugin: for:journeymap_chunk_overlay
[08:27:10] [Server thread/INFO]: Server empty for 60 seconds, pausing
[08:27:26] [Server thread/INFO]: Storyseek3r[/100.106.115.94:58534] logged in with entity id 96 at (545.7312425292635, 63.0, -1790.9004995651137)
[08:27:26] [Server thread/INFO]: Storyseek3r joined the game
[08:30:48] [Server thread/WARN]: Mismatch in destroy block pos: BlockPos{x=632, y=65, z=-1806} BlockPos{x=633, y=64, z=-1806}
[08:30:48] [Server thread/WARN]: Mismatch in destroy block pos: BlockPos{x=632, y=65, z=-1806} BlockPos{x=633, y=64, z=-1806}
[08:32:57] [Server thread/WARN]: Mismatch in destroy block pos: BlockPos{x=625, y=62, z=-1790} BlockPos{x=625, y=62, z=-1791}
[08:32:57] [Server thread/WARN]: Mismatch in destroy block pos: BlockPos{x=625, y=62, z=-1790} BlockPos{x=625, y=62, z=-1791}
[08:33:15] [Server thread/WARN]: Mismatch in destroy block pos: BlockPos{x=629, y=63, z=-1800} BlockPos{x=628, y=64, z=-1800}
[08:33:15] [Server thread/WARN]: Mismatch in destroy block pos: BlockPos{x=629, y=63, z=-1800} BlockPos{x=628, y=64, z=-1800}
[08:33:15] [Server thread/WARN]: Mismatch in destroy block pos: BlockPos{x=629, y=63, z=-1800} BlockPos{x=628, y=64, z=-1800}
[08:33:51] [Server thread/WARN]: Mismatch in destroy block pos: BlockPos{x=629, y=64, z=-1800} BlockPos{x=629, y=63, z=-1800}
[08:33:51] [Server thread/WARN]: Mismatch in destroy block pos: BlockPos{x=629, y=64, z=-1800} BlockPos{x=629, y=63, z=-1800}
[08:33:51] [Server thread/WARN]: Mismatch in destroy block pos: BlockPos{x=629, y=64, z=-1800} BlockPos{x=629, y=63, z=-1800}
[08:33:51] [Server thread/WARN]: Mismatch in destroy block pos: BlockPos{x=629, y=64, z=-1800} BlockPos{x=629, y=63, z=-1800}
[08:33:51] [Server thread/WARN]: Mismatch in destroy block pos: BlockPos{x=629, y=64, z=-1800} BlockPos{x=629, y=63, z=-1800}
[08:33:51] [Server thread/WARN]: Mismatch in destroy block pos: BlockPos{x=629, y=64, z=-1800} BlockPos{x=629, y=63, z=-1800}
[08:34:22] [Server thread/WARN]: Mismatch in destroy block pos: BlockPos{x=631, y=68, z=-1807} BlockPos{x=632, y=62, z=-1800}
[08:34:22] [Server thread/WARN]: Mismatch in destroy block pos: BlockPos{x=631, y=68, z=-1807} BlockPos{x=632, y=62, z=-1800}
[08:34:24] [Server thread/WARN]: Mismatch in destroy block pos: BlockPos{x=639, y=63, z=-1798} BlockPos{x=638, y=62, z=-1799}
[08:34:24] [Server thread/WARN]: Mismatch in destroy block pos: BlockPos{x=639, y=63, z=-1798} BlockPos{x=638, y=62, z=-1799}
[08:37:41] [Server thread/WARN]: Mismatch in destroy block pos: BlockPos{x=629, y=65, z=-1796} BlockPos{x=628, y=66, z=-1796}
[08:37:41] [Server thread/WARN]: Mismatch in destroy block pos: BlockPos{x=629, y=65, z=-1796} BlockPos{x=628, y=66, z=-1796}
[08:52:00] [Server thread/INFO]: Storyseek3r has reached the goal [Beaconator]
[09:02:53] [Server thread/WARN]: Mismatch in destroy block pos: BlockPos{x=668, y=67, z=-1825} BlockPos{x=668, y=66, z=-1826}
[09:07:39] [Server thread/WARN]: Mismatch in destroy block pos: BlockPos{x=637, y=66, z=-1792} BlockPos{x=638, y=66, z=-1792}
[09:07:41] [Server thread/WARN]: Mismatch in destroy block pos: BlockPos{x=635, y=66, z=-1790} BlockPos{x=636, y=64, z=-1790}
[09:07:41] [Server thread/WARN]: Mismatch in destroy block pos: BlockPos{x=635, y=66, z=-1790} BlockPos{x=636, y=64, z=-1790}
[09:07:41] [Server thread/WARN]: Mismatch in destroy block pos: BlockPos{x=635, y=66, z=-1790} BlockPos{x=636, y=64, z=-1790}
[09:07:41] [Server thread/WARN]: Mismatch in destroy block pos: BlockPos{x=635, y=66, z=-1790} BlockPos{x=636, y=64, z=-1790}
[09:07:41] [Server thread/WARN]: Mismatch in destroy block pos: BlockPos{x=635, y=66, z=-1790} BlockPos{x=636, y=64, z=-1790}
[09:07:41] [Server thread/WARN]: Mismatch in destroy block pos: BlockPos{x=635, y=66, z=-1790} BlockPos{x=636, y=64, z=-1790}
[09:07:41] [Server thread/WARN]: Mismatch in destroy block pos: BlockPos{x=635, y=66, z=-1790} BlockPos{x=636, y=64, z=-1790}
[09:07:41] [Server thread/WARN]: Mismatch in destroy block pos: BlockPos{x=635, y=66, z=-1790} BlockPos{x=636, y=64, z=-1790}
[09:09:02] [Server thread/WARN]: Mismatch in destroy block pos: BlockPos{x=640, y=64, z=-1815} BlockPos{x=640, y=64, z=-1814}
[09:09:02] [Server thread/WARN]: Mismatch in destroy block pos: BlockPos{x=640, y=64, z=-1815} BlockPos{x=640, y=64, z=-1814}
[09:09:02] [Server thread/WARN]: Mismatch in destroy block pos: BlockPos{x=640, y=64, z=-1815} BlockPos{x=640, y=64, z=-1814}
[09:09:02] [Server thread/WARN]: Mismatch in destroy block pos: BlockPos{x=640, y=64, z=-1815} BlockPos{x=640, y=64, z=-1814}
[09:09:03] [Server thread/WARN]: Mismatch in destroy block pos: BlockPos{x=640, y=64, z=-1815} BlockPos{x=640, y=64, z=-1814}
[09:09:03] [Server thread/WARN]: Mismatch in destroy block pos: BlockPos{x=640, y=64, z=-1815} BlockPos{x=640, y=64, z=-1814}
[09:09:03] [Server thread/WARN]: Mismatch in destroy block pos: BlockPos{x=640, y=64, z=-1815} BlockPos{x=640, y=64, z=-1814}
[09:09:03] [Server thread/WARN]: Mismatch in destroy block pos: BlockPos{x=640, y=64, z=-1815} BlockPos{x=640, y=64, z=-1814}
[09:09:03] [Server thread/WARN]: Mismatch in destroy block pos: BlockPos{x=640, y=64, z=-1815} BlockPos{x=640, y=64, z=-1814}
[09:09:03] [Server thread/WARN]: Mismatch in destroy block pos: BlockPos{x=640, y=64, z=-1815} BlockPos{x=640, y=64, z=-1814}
[09:09:03] [Server thread/WARN]: Mismatch in destroy block pos: BlockPos{x=640, y=64, z=-1815} BlockPos{x=640, y=64, z=-1814}
[09:09:10] [Server thread/WARN]: Mismatch in destroy block pos: BlockPos{x=640, y=63, z=-1788} BlockPos{x=640, y=62, z=-1790}
[09:09:10] [Server thread/WARN]: Mismatch in destroy block pos: BlockPos{x=640, y=63, z=-1788} BlockPos{x=640, y=62, z=-1790}
[09:09:10] [Server thread/WARN]: Mismatch in destroy block pos: BlockPos{x=640, y=63, z=-1788} BlockPos{x=640, y=62, z=-1790}
[09:09:10] [Server thread/WARN]: Mismatch in destroy block pos: BlockPos{x=640, y=63, z=-1788} BlockPos{x=640, y=62, z=-1790}
[09:09:10] [Server thread/WARN]: Mismatch in destroy block pos: BlockPos{x=640, y=63, z=-1788} BlockPos{x=640, y=62, z=-1790}
[09:09:10] [Server thread/WARN]: Mismatch in destroy block pos: BlockPos{x=640, y=63, z=-1788} BlockPos{x=640, y=62, z=-1790}
[09:11:23] [Server thread/WARN]: Mismatch in destroy block pos: BlockPos{x=635, y=62, z=-1790} BlockPos{x=626, y=65, z=-1782}
[09:11:23] [Server thread/WARN]: Mismatch in destroy block pos: BlockPos{x=635, y=62, z=-1790} BlockPos{x=626, y=65, z=-1782}
[09:12:02] [Server thread/WARN]: Mismatch in destroy block pos: BlockPos{x=636, y=66, z=-1784} BlockPos{x=636, y=67, z=-1785}
[09:12:02] [Server thread/WARN]: Mismatch in destroy block pos: BlockPos{x=636, y=66, z=-1784} BlockPos{x=636, y=67, z=-1785}
[09:15:42] [Server thread/WARN]: Mismatch in destroy block pos: BlockPos{x=641, y=63, z=-1782} BlockPos{x=641, y=62, z=-1783}
[09:15:42] [Server thread/WARN]: Mismatch in destroy block pos: BlockPos{x=641, y=63, z=-1782} BlockPos{x=641, y=62, z=-1783}
[09:15:42] [Server thread/WARN]: Mismatch in destroy block pos: BlockPos{x=641, y=63, z=-1782} BlockPos{x=641, y=62, z=-1783}
[09:15:42] [Server thread/WARN]: Mismatch in destroy block pos: BlockPos{x=641, y=63, z=-1782} BlockPos{x=641, y=62, z=-1783}
[09:15:42] [Server thread/WARN]: Mismatch in destroy block pos: BlockPos{x=641, y=63, z=-1782} BlockPos{x=641, y=62, z=-1783}
[09:15:42] [Server thread/WARN]: Mismatch in destroy block pos: BlockPos{x=641, y=63, z=-1782} BlockPos{x=641, y=62, z=-1783}
[09:15:42] [Server thread/WARN]: Mismatch in destroy block pos: BlockPos{x=641, y=63, z=-1782} BlockPos{x=641, y=62, z=-1783}
[09:15:42] [Server thread/WARN]: Mismatch in destroy block pos: BlockPos{x=641, y=63, z=-1782} BlockPos{x=641, y=62, z=-1783}
[09:15:42] [Server thread/WARN]: Mismatch in destroy block pos: BlockPos{x=641, y=63, z=-1782} BlockPos{x=641, y=62, z=-1783}
[09:15:42] [Server thread/WARN]: Mismatch in destroy block pos: BlockPos{x=641, y=63, z=-1782} BlockPos{x=641, y=62, z=-1783}
[09:15:42] [Server thread/WARN]: Mismatch in destroy block pos: BlockPos{x=641, y=63, z=-1782} BlockPos{x=641, y=62, z=-1783}
[09:15:42] [Server thread/WARN]: Mismatch in destroy block pos: BlockPos{x=641, y=63, z=-1782} BlockPos{x=641, y=62, z=-1783}
[09:15:42] [Server thread/WARN]: Mismatch in destroy block pos: BlockPos{x=641, y=63, z=-1782} BlockPos{x=641, y=62, z=-1783}
[09:15:42] [Server thread/WARN]: Mismatch in destroy block pos: BlockPos{x=641, y=63, z=-1782} BlockPos{x=641, y=62, z=-1783}
[09:18:37] [Server thread/WARN]: Mismatch in destroy block pos: BlockPos{x=642, y=63, z=-1808} BlockPos{x=641, y=62, z=-1807}
[09:18:37] [Server thread/WARN]: Mismatch in destroy block pos: BlockPos{x=642, y=63, z=-1808} BlockPos{x=641, y=62, z=-1807}
[09:18:37] [Server thread/WARN]: Mismatch in destroy block pos: BlockPos{x=642, y=63, z=-1808} BlockPos{x=641, y=62, z=-1807}
[09:18:38] [Server thread/WARN]: Mismatch in destroy block pos: BlockPos{x=642, y=63, z=-1808} BlockPos{x=641, y=62, z=-1807}
[09:18:38] [Server thread/WARN]: Mismatch in destroy block pos: BlockPos{x=642, y=63, z=-1808} BlockPos{x=641, y=62, z=-1807}
[09:20:24] [Server thread/WARN]: Mismatch in destroy block pos: BlockPos{x=650, y=63, z=-1822} BlockPos{x=648, y=62, z=-1823}
[09:20:24] [Server thread/WARN]: Mismatch in destroy block pos: BlockPos{x=650, y=63, z=-1822} BlockPos{x=648, y=62, z=-1823}
[09:21:36] [Server thread/WARN]: Mismatch in destroy block pos: BlockPos{x=657, y=65, z=-1816} BlockPos{x=657, y=65, z=-1815}
[09:21:36] [Server thread/WARN]: Mismatch in destroy block pos: BlockPos{x=657, y=65, z=-1816} BlockPos{x=657, y=65, z=-1815}
[09:21:36] [Server thread/WARN]: Mismatch in destroy block pos: BlockPos{x=657, y=65, z=-1816} BlockPos{x=657, y=65, z=-1815}
[09:21:36] [Server thread/WARN]: Mismatch in destroy block pos: BlockPos{x=657, y=65, z=-1816} BlockPos{x=657, y=65, z=-1815}
[09:21:36] [Server thread/WARN]: Mismatch in destroy block pos: BlockPos{x=657, y=65, z=-1816} BlockPos{x=657, y=65, z=-1815}
[09:21:36] [Server thread/WARN]: Mismatch in destroy block pos: BlockPos{x=657, y=65, z=-1816} BlockPos{x=657, y=65, z=-1815}
[09:23:39] [Server thread/WARN]: Mismatch in destroy block pos: BlockPos{x=663, y=62, z=-1817} BlockPos{x=658, y=61, z=-1820}
[09:23:42] [Server thread/WARN]: Mismatch in destroy block pos: BlockPos{x=654, y=65, z=-1816} BlockPos{x=653, y=66, z=-1816}
[09:23:42] [Server thread/WARN]: Mismatch in destroy block pos: BlockPos{x=654, y=65, z=-1816} BlockPos{x=653, y=66, z=-1816}
[09:23:42] [Server thread/WARN]: Mismatch in destroy block pos: BlockPos{x=654, y=65, z=-1816} BlockPos{x=653, y=66, z=-1816}
[09:23:42] [Server thread/WARN]: Mismatch in destroy block pos: BlockPos{x=654, y=65, z=-1816} BlockPos{x=653, y=66, z=-1816}
[09:23:42] [Server thread/WARN]: Mismatch in destroy block pos: BlockPos{x=654, y=65, z=-1816} BlockPos{x=653, y=66, z=-1816}
[09:24:03] [Server thread/WARN]: Mismatch in destroy block pos: BlockPos{x=644, y=64, z=-1809} BlockPos{x=644, y=63, z=-1808}
[09:24:03] [Server thread/WARN]: Mismatch in destroy block pos: BlockPos{x=644, y=64, z=-1809} BlockPos{x=644, y=63, z=-1808}
[09:24:03] [Server thread/WARN]: Mismatch in destroy block pos: BlockPos{x=644, y=64, z=-1809} BlockPos{x=644, y=63, z=-1808}
[09:24:03] [Server thread/WARN]: Mismatch in destroy block pos: BlockPos{x=644, y=64, z=-1809} BlockPos{x=644, y=63, z=-1808}
[09:24:03] [Server thread/WARN]: Mismatch in destroy block pos: BlockPos{x=644, y=64, z=-1809} BlockPos{x=644, y=63, z=-1808}
[09:24:03] [Server thread/WARN]: Mismatch in destroy block pos: BlockPos{x=644, y=64, z=-1809} BlockPos{x=644, y=63, z=-1808}
[09:25:43] [Server thread/INFO]: Storyseek3r lost connection: Disconnected
[09:25:43] [Server thread/INFO]: Storyseek3r left the game
[09:26:29] [Server thread/INFO]: Stopping server
[09:26:29] [Server thread/INFO]: Saving players
[09:26:29] [Server thread/INFO]: Saving worlds
[09:26:29] [Server thread/INFO]: Saving chunks for level 'ServerLevel[world]'/minecraft:overworld
[09:26:29] [Server thread/INFO]: Saving chunks for level 'ServerLevel[world]'/minecraft:the_nether
[09:26:29] [Server thread/INFO]: Saving chunks for level 'ServerLevel[world]'/minecraft:the_end
[09:26:30] [Server thread/INFO]: ThreadedAnvilChunkStorage (world): All chunks are saved
[09:26:30] [Server thread/INFO]: ThreadedAnvilChunkStorage (DIM-1): All chunks are saved
[09:26:30] [Server thread/INFO]: ThreadedAnvilChunkStorage (DIM1): All chunks are saved
[09:26:30] [Server thread/INFO]: ThreadedAnvilChunkStorage: All dimensions are saved
[09:26:30] [Server thread/INFO]: Thread RCON Listener stopped
